// Jest Snapshot v1, https://goo.gl/fbAQLP

exports[`Tests in <Users /> should render <Users /> 1`] = `
<div>
  <div>
    Loading...
  </div>
</div>
`;
